[2026-02-24 16:00:01] 开始执行 basic_data_daily_job
WARNING:root:东方财富数据获取失败：('Connection aborted.', RemoteDisconnected('Remote end closed connection without response'))，切换下一个数据源
WARNING:root:东方财富ETF数据获取失败：('Connection aborted.', RemoteDisconnected('Remote end closed connection without response'))，切换下一个数据源
请求错误: ('Connection aborted.', RemoteDisconnected('Remote end closed connection without response')), 第 1/2 次重试
请求错误: ('Connection aborted.', RemoteDisconnected('Remote end closed connection without response')), 第 2/2 次重试
请求错误: ('Connection aborted.', RemoteDisconnected('Remote end closed connection without response')), 第 1/2 次重试
请求错误: ('Connection aborted.', RemoteDisconnected('Remote end closed connection without response')), 第 2/2 次重试
[2026-02-24 16:00:51] 执行完成 (成功)
[2026-02-24 17:00:01] 开始执行 basic_data_daily_job
WARNING:root:东方财富数据获取失败：('Connection aborted.', RemoteDisconnected('Remote end closed connection without response'))，切换下一个数据源
WARNING:root:东方财富ETF数据获取失败：('Connection aborted.', RemoteDisconnected('Remote end closed connection without response'))，切换下一个数据源
请求错误: ('Connection aborted.', RemoteDisconnected('Remote end closed connection without response')), 第 1/2 次重试
请求错误: ('Connection aborted.', RemoteDisconnected('Remote end closed connection without response')), 第 2/2 次重试
请求错误: ('Connection aborted.', RemoteDisconnected('Remote end closed connection without response')), 第 1/2 次重试
请求错误: ('Connection aborted.', RemoteDisconnected('Remote end closed connection without response')), 第 2/2 次重试
[2026-02-24 17:00:50] 执行完成 (成功)
[2026-02-25 23:13:35] 开始执行 basic_data_daily_job
[2026-02-25 23:13:35] 开始执行 basic_data_daily_job
WARNING:root:东方财富数据获取失败：('Connection aborted.', RemoteDisconnected('Remote end closed connection without response'))，切换下一个数据源
WARNING:root:东方财富数据获取失败：('Connection aborted.', RemoteDisconnected('Remote end closed connection without response'))，切换下一个数据源
WARNING:root:东方财富ETF数据获取失败：('Connection aborted.', RemoteDisconnected('Remote end closed connection without response'))，切换下一个数据源
ERROR:root:database.insert_other_db_from_df处理异常：cn_stock_spot表
Traceback (most recent call last):
  File "/usr/lib64/python3.11/site-packages/sqlalchemy/engine/base.py", line 1936, in _exec_single_context
    self.dialect.do_executemany(
  File "/usr/lib64/python3.11/site-packages/sqlalchemy/dialects/mysql/mysqldb.py", line 196, in do_executemany
    rowcount = cursor.executemany(statement, parameters)
               ^^^^^^^^^^^^^^^^^^^^^^^^^^^^^^^^^^^^^^^^^
  File "/usr/lib/python3.11/site-packages/pymysql/cursors.py", line 182, in executemany
    return self._do_execute_many(
           ^^^^^^^^^^^^^^^^^^^^^^
  File "/usr/lib/python3.11/site-packages/pymysql/cursors.py", line 215, in _do_execute_many
    rows += self.execute(sql + postfix)
            ^^^^^^^^^^^^^^^^^^^^^^^^^^^
  File "/usr/lib/python3.11/site-packages/pymysql/cursors.py", line 153, in execute
    result = self._query(query)
             ^^^^^^^^^^^^^^^^^^
  File "/usr/lib/python3.11/site-packages/pymysql/cursors.py", line 322, in _query
    conn.query(q)
  File "/usr/lib/python3.11/site-packages/pymysql/connections.py", line 575, in query
    self._affected_rows = self._read_query_result(unbuffered=unbuffered)
                          ^^^^^^^^^^^^^^^^^^^^^^^^^^^^^^^^^^^^^^^^^^^^^^
  File "/usr/lib/python3.11/site-packages/pymysql/connections.py", line 826, in _read_query_result
    result.read()
  File "/usr/lib/python3.11/site-packages/pymysql/connections.py", line 1203, in read
    first_packet = self.connection._read_packet()
                   ^^^^^^^^^^^^^^^^^^^^^^^^^^^^^^
  File "/usr/lib/python3.11/site-packages/pymysql/connections.py", line 782, in _read_packet
    packet.raise_for_error()
  File "/usr/lib/python3.11/site-packages/pymysql/protocol.py", line 219, in raise_for_error
    err.raise_mysql_exception(self._data)
  File "/usr/lib/python3.11/site-packages/pymysql/err.py", line 150, in raise_mysql_exception
    raise errorclass(errno, errval)
pymysql.err.IntegrityError: (1062, "Duplicate entry '2026-02-25-000001' for key 'cn_stock_spot.PRIMARY'")

The above exception was the direct cause of the following exception:

Traceback (most recent call last):
  File "/usr/lib64/python3.11/site-packages/pandas/io/sql.py", line 1679, in execute
    return execute_function(sql, *args)
           ^^^^^^^^^^^^^^^^^^^^^^^^^^^^
  File "/usr/lib64/python3.11/site-packages/sqlalchemy/engine/base.py", line 1419, in execute
    return meth(
           ^^^^^
  File "/usr/lib64/python3.11/site-packages/sqlalchemy/sql/elements.py", line 527, in _execute_on_connection
    return connection._execute_clauseelement(
           ^^^^^^^^^^^^^^^^^^^^^^^^^^^^^^^^^^
  File "/usr/lib64/python3.11/site-packages/sqlalchemy/engine/base.py", line 1641, in _execute_clauseelement
    ret = self._execute_context(
          ^^^^^^^^^^^^^^^^^^^^^^
  File "/usr/lib64/python3.11/site-packages/sqlalchemy/engine/base.py", line 1846, in _execute_context
    return self._exec_single_context(
           ^^^^^^^^^^^^^^^^^^^^^^^^^^
  File "/usr/lib64/python3.11/site-packages/sqlalchemy/engine/base.py", line 1986, in _exec_single_context
    self._handle_dbapi_exception(
  File "/usr/lib64/python3.11/site-packages/sqlalchemy/engine/base.py", line 2363, in _handle_dbapi_exception
    raise sqlalchemy_exception.with_traceback(exc_info[2]) from e
  File "/usr/lib64/python3.11/site-packages/sqlalchemy/engine/base.py", line 1936, in _exec_single_context
    self.dialect.do_executemany(
  File "/usr/lib64/python3.11/site-packages/sqlalchemy/dialects/mysql/mysqldb.py", line 196, in do_executemany
    rowcount = cursor.executemany(statement, parameters)
               ^^^^^^^^^^^^^^^^^^^^^^^^^^^^^^^^^^^^^^^^^
  File "/usr/lib/python3.11/site-packages/pymysql/cursors.py", line 182, in executemany
    return self._do_execute_many(
           ^^^^^^^^^^^^^^^^^^^^^^
  File "/usr/lib/python3.11/site-packages/pymysql/cursors.py", line 215, in _do_execute_many
    rows += self.execute(sql + postfix)
            ^^^^^^^^^^^^^^^^^^^^^^^^^^^
  File "/usr/lib/python3.11/site-packages/pymysql/cursors.py", line 153, in execute
    result = self._query(query)
             ^^^^^^^^^^^^^^^^^^
  File "/usr/lib/python3.11/site-packages/pymysql/cursors.py", line 322, in _query
    conn.query(q)
  File "/usr/lib/python3.11/site-packages/pymysql/connections.py", line 575, in query
    self._affected_rows = self._read_query_result(unbuffered=unbuffered)
                          ^^^^^^^^^^^^^^^^^^^^^^^^^^^^^^^^^^^^^^^^^^^^^^
  File "/usr/lib/python3.11/site-packages/pymysql/connections.py", line 826, in _read_query_result
    result.read()
  File "/usr/lib/python3.11/site-packages/pymysql/connections.py", line 1203, in read
    first_packet = self.connection._read_packet()
                   ^^^^^^^^^^^^^^^^^^^^^^^^^^^^^^
  File "/usr/lib/python3.11/site-packages/pymysql/connections.py", line 782, in _read_packet
    packet.raise_for_error()
  File "/usr/lib/python3.11/site-packages/pymysql/protocol.py", line 219, in raise_for_error
    err.raise_mysql_exception(self._data)
  File "/usr/lib/python3.11/site-packages/pymysql/err.py", line 150, in raise_mysql_exception
    raise errorclass(errno, errval)
sqlalchemy.exc.IntegrityError: (pymysql.err.IntegrityError) (1062, "Duplicate entry '2026-02-25-000001' for key 'cn_stock_spot.PRIMARY'")
[SQL: INSERT INTO cn_stock_spot (date, code, name, new_price, change_rate, ups_downs, volume, deal_amount, amplitude, turnoverrate, volume_ratio, open_price, high_price, low_price, pre_close_price, speed_increase, speed_increase_5, speed_increase_60, speed_increase_all, dtsyl, pe9, pe, pbnewmrq, basic_eps, bvps, per_capital_reserve, per_unassign_profit, roe_weight, sale_gpr, debt_asset_ratio, total_operate_income, toi_yoy_ratio, parent_netprofit, netprofit_yoy_ratio, report_date, total_shares, free_shares, total_market_cap, free_cap, industry, listing_date) VALUES (%(date)s, %(code)s, %(name)s, %(new_price)s, %(change_rate)s, %(ups_downs)s, %(volume)s, %(deal_amount)s, %(amplitude)s, %(turnoverrate)s, %(volume_ratio)s, %(open_price)s, %(high_price)s, %(low_price)s, %(pre_close_price)s, %(speed_increase)s, %(speed_increase_5)s, %(speed_increase_60)s, %(speed_increase_all)s, %(dtsyl)s, %(pe9)s, %(pe)s, %(pbnewmrq)s, %(basic_eps)s, %(bvps)s, %(per_capital_reserve)s, %(per_unassign_profit)s, %(roe_weight)s, %(sale_gpr)s, %(debt_asset_ratio)s, %(total_operate_income)s, %(toi_yoy_ratio)s, %(parent_netprofit)s, %(netprofit_yoy_ratio)s, %(report_date)s, %(total_shares)s, %(free_shares)s, %(total_market_cap)s, %(free_cap)s, %(industry)s, %(listing_date)s)]
[parameters: [{'date': '2026-02-25', 'code': '000001', 'name': '平安银行', 'new_price': 10.86, 'change_rate': -0.46, 'ups_downs': -0.05, 'volume': 106313500, 'deal_amount': 1156690000, 'amplitude': 1.56, 'turnoverrate': 0.55, 'volume_ratio': 0, 'open_price': 10.91, 'high_price': 10.95, 'low_price': 10.78, 'pre_close_price': 10.91, 'speed_increase': 0, 'speed_increase_5': 0, 'speed_increase_60': 0, 'speed_increase_all': 0, 'dtsyl': 4.89, 'pe9': 0, 'pe': 0, 'pbnewmrq': 0.47, 'basic_eps': 0, 'bvps': 0, 'per_capital_reserve': 0, 'per_unassign_profit': 0, 'roe_weight': 0, 'sale_gpr': 0, 'debt_asset_ratio': 0, 'total_operate_income': 0, 'toi_yoy_ratio': 0, 'parent_netprofit': 0, 'netprofit_yoy_ratio': 0, 'report_date': None, 'total_shares': 0, 'free_shares': 0, 'total_market_cap': 21074800, 'free_cap': 21074500, 'industry': '', 'listing_date': None}, {'date': '2026-02-25', 'code': '000002', 'name': '万  科Ａ', 'new_price': 5.0, 'change_rate': 1.63, 'ups_downs': 0.08, 'volume': 246730900, 'deal_amount': 1236740000, 'amplitude': 3.25, 'turnoverrate': 2.54, 'volume_ratio': 0, 'open_price': 4.92, 'high_price': 5.07, 'low_price': 4.91, 'pre_close_price': 4.92, 'speed_increase': 0, 'speed_increase_5': 0, 'speed_increase_60': 0, 'speed_increase_all': 0, 'dtsyl': -1.0, 'pe9': 0, 'pe': 0, 'pbnewmrq': 0.34, 'basic_eps': 0, 'bvps': 0, 'per_capital_reserve': 0, 'per_unassign_profit': 0, 'roe_weight': 0, 'sale_gpr': 0, 'debt_asset_ratio': 0, 'total_operate_income': 0, 'toi_yoy_ratio': 0, 'parent_netprofit': 0, 'netprofit_yoy_ratio': 0, 'report_date': None, 'total_shares': 0, 'free_shares': 0, 'total_market_cap': 5965400, 'free_cap': 4858200, 'industry': '', 'listing_date': None}, {'date': '2026-02-25', 'code': '000003', 'name': 'PT金田A', 'new_price': 2.71, 'change_rate': 0.0, 'ups_downs': 0.0, 'volume': 0, 'deal_amount': 0, 'amplitude': 0.0, 'turnoverrate': 0.0, 'volume_ratio': 0, 'open_price': 0.0, 'high_price': 0.0, 'low_price': 0.0, 'pre_close_price': 2.71, 'speed_increase': 0, 'speed_increase_5': 0, 'speed_increase_60': 0, 'speed_increase_all': 0, 'dtsyl': 78.43, 'pe9': 0, 'pe': 0, 'pbnewmrq': -0.27, 'basic_eps': 0, 'bvps': 0, 'per_capital_reserve': 0, 'per_unassign_profit': 0, 'roe_weight': 0, 'sale_gpr': 0, 'debt_asset_ratio': 0, 'total_operate_income': 0, 'toi_yoy_ratio': 0, 'parent_netprofit': 0, 'netprofit_yoy_ratio': 0, 'report_date': None, 'total_shares': 0, 'free_shares': 0, 'total_market_cap': 90399, 'free_cap': 52000, 'industry': '', 'listing_date': None}, {'date': '2026-02-25', 'code': '000004', 'name': '*ST国华', 'new_price': 7.54, 'change_rate': -5.04, 'ups_downs': -0.4, 'volume': 20118400, 'deal_amount': 152300000, 'amplitude': 2.52, 'turnoverrate': 15.93, 'volume_ratio': 0, 'open_price': 7.54, 'high_price': 7.74, 'low_price': 7.54, 'pre_close_price': 7.94, 'speed_increase': 0, 'speed_increase_5': 0, 'speed_increase_60': 0, 'speed_increase_all': 0, 'dtsyl': -8.13, 'pe9': 0, 'pe': 0, 'pbnewmrq': 27.02, 'basic_eps': 0, 'bvps': 0, 'per_capital_reserve': 0, 'per_unassign_profit': 0, 'roe_weight': 0, 'sale_gpr': 0, 'debt_asset_ratio': 0, 'total_operate_income': 0, 'toi_yoy_ratio': 0, 'parent_netprofit': 0, 'netprofit_yoy_ratio': 0, 'report_date': None, 'total_shares': 0, 'free_shares': 0, 'total_market_cap': 99800, 'free_cap': 95200, 'industry': '', 'listing_date': None}, {'date': '2026-02-25', 'code': '000005', 'name': 'ST星源', 'new_price': 0.83, 'change_rate': 0.0, 'ups_downs': 0.0, 'volume': 0, 'deal_amount': 0, 'amplitude': 0.0, 'turnoverrate': 0.0, 'volume_ratio': 0, 'open_price': 0.0, 'high_price': 0.0, 'low_price': 0.0, 'pre_close_price': 0.83, 'speed_increase': 0, 'speed_increase_5': 0, 'speed_increase_60': 0, 'speed_increase_all': 0, 'dtsyl': -4.44, 'pe9': 0, 'pe': 0, 'pbnewmrq': 0.73, 'basic_eps': 0, 'bvps': 0, 'per_capital_reserve': 0, 'per_unassign_profit': 0, 'roe_weight': 0, 'sale_gpr': 0, 'debt_asset_ratio': 0, 'total_operate_income': 0, 'toi_yoy_ratio': 0, 'parent_netprofit': 0, 'netprofit_yoy_ratio': 0, 'report_date': None, 'total_shares': 0, 'free_shares': 0, 'total_market_cap': 87899, 'free_cap': 87800, 'industry': '', 'listing_date': None}, {'date': '2026-02-25', 'code': '000006', 'name': '深振业Ａ', 'new_price': 9.68, 'change_rate': 4.42, 'ups_downs': 0.41, 'volume': 46082300, 'deal_amount': 443430000, 'amplitude': 6.58, 'turnoverrate': 3.41, 'volume_ratio': 0, 'open_price': 9.27, 'high_price': 9.85, 'low_price': 9.24, 'pre_close_price': 9.27, 'speed_increase': 0, 'speed_increase_5': 0, 'speed_increase_60': 0, 'speed_increase_all': 0, 'dtsyl': -12.42, 'pe9': 0, 'pe': 0, 'pbnewmrq': 2.42, 'basic_eps': 0, 'bvps': 0, 'per_capital_reserve': 0, 'per_unassign_profit': 0, 'roe_weight': 0, 'sale_gpr': 0, 'debt_asset_ratio': 0, 'total_operate_income': 0, 'toi_yoy_ratio': 0, 'parent_netprofit': 0, 'netprofit_yoy_ratio': 0, 'report_date': None, 'total_shares': 0, 'free_shares': 0, 'total_market_cap': 1306800, 'free_cap': 1306800, 'industry': '', 'listing_date': None}, {'date': '2026-02-25', 'code': '000007', 'name': '全新好', 'new_price': 12.61, 'change_rate': -0.71, 'ups_downs': -0.09, 'volume': 8413300, 'deal_amount': 106030000, 'amplitude': 4.72, 'turnoverrate': 2.43, 'volume_ratio': 0, 'open_price': 12.71, 'high_price': 12.99, 'low_price': 12.39, 'pre_close_price': 12.7, 'speed_increase': 0, 'speed_increase_5': 0, 'speed_increase_60': 0, 'speed_increase_all': 0, 'dtsyl': 77.1, 'pe9': 0, 'pe': 0, 'pbnewmrq': 23.92, 'basic_eps': 0, 'bvps': 0, 'per_capital_reserve': 0, 'per_unassign_profit': 0, 'roe_weight': 0, 'sale_gpr': 0, 'debt_asset_ratio': 0, 'total_operate_income': 0, 'toi_yoy_ratio': 0, 'parent_netprofit': 0, 'netprofit_yoy_ratio': 0, 'report_date': None, 'total_shares': 0, 'free_shares': 0, 'total_market_cap': 436900, 'free_cap': 436900, 'industry': '', 'listing_date': None}, {'date': '2026-02-25', 'code': '000008', 'name': '神州高铁', 'new_price': 3.05, 'change_rate': 0.66, 'ups_downs': 0.02, 'volume': 47631100, 'deal_amount': 145640000, 'amplitude': 1.65, 'turnoverrate': 1.75, 'volume_ratio': 0, 'open_price': 3.04, 'high_price': 3.08, 'low_price': 3.03, 'pre_close_price': 3.03, 'speed_increase': 0, 'speed_increase_5': 0, 'speed_increase_60': 0, 'speed_increase_all': 0, 'dtsyl': -18.3, 'pe9': 0, 'pe': 0, 'pbnewmrq': 2.83, 'basic_eps': 0, 'bvps': 0, 'per_capital_reserve': 0, 'per_unassign_profit': 0, 'roe_weight': 0, 'sale_gpr': 0, 'debt_asset_ratio': 0, 'total_operate_income': 0, 'toi_yoy_ratio': 0, 'parent_netprofit': 0, 'netprofit_yoy_ratio': 0, 'report_date': None, 'total_shares': 0, 'free_shares': 0, 'total_market_cap': 828500, 'free_cap': 828500, 'industry': '', 'listing_date': None}  ... displaying 10 of 4910 total bound parameter sets ...  {'date': '2026-02-25', 'code': '301596', 'name': '瑞迪智驱', 'new_price': 74.33, 'change_rate': -0.58, 'ups_downs': -0.43, 'volume': 660600, 'deal_amount': 49140000, 'amplitude': 1.07, 'turnoverrate': 2.11, 'volume_ratio': 0, 'open_price': 74.7, 'high_price': 74.88, 'low_price': 74.08, 'pre_close_price': 74.76, 'speed_increase': 0, 'speed_increase_5': 0, 'speed_increase_60': 0, 'speed_increase_all': 0, 'dtsyl': 53.72, 'pe9': 0, 'pe': 0, 'pbnewmrq': 6.76, 'basic_eps': 0, 'bvps': 0, 'per_capital_reserve': 0, 'per_unassign_profit': 0, 'roe_weight': 0, 'sale_gpr': 0, 'debt_asset_ratio': 0, 'total_operate_income': 0, 'toi_yoy_ratio': 0, 'parent_netprofit': 0, 'netprofit_yoy_ratio': 0, 'report_date': None, 'total_shares': 0, 'free_shares': 0, 'total_market_cap': 573600, 'free_cap': 232800, 'industry': '', 'listing_date': None}, {'date': '2026-02-25', 'code': '301598', 'name': '博科测试', 'new_price': 66.95, 'change_rate': 0.53, 'ups_downs': 0.35, 'volume': 522100, 'deal_amount': 34900000, 'amplitude': 1.08, 'turnoverrate': 2.98, 'volume_ratio': 0, 'open_price': 66.58, 'high_price': 67.27, 'low_price': 66.55, 'pre_close_price': 66.6, 'speed_increase': 0, 'speed_increase_5': 0, 'speed_increase_60': 0, 'speed_increase_all': 0, 'dtsyl': 34.36, 'pe9': 0, 'pe': 0, 'pbnewmrq': 4.17, 'basic_eps': 0, 'bvps': 0, 'per_capital_reserve': 0, 'per_unassign_profit': 0, 'roe_weight': 0, 'sale_gpr': 0, 'debt_asset_ratio': 0, 'total_operate_income': 0, 'toi_yoy_ratio': 0, 'parent_netprofit': 0, 'netprofit_yoy_ratio': 0, 'report_date': None, 'total_shares': 0, 'free_shares': 0, 'total_market_cap': 394300, 'free_cap': 117500, 'industry': '', 'listing_date': None}]]
(Background on this error at: https://sqlalche.me/e/20/gkpj)

The above exception was the direct cause of the following exception:

Traceback (most recent call last):
  File "/root/SelectStock/instock/lib/database.py", line 107, in insert_other_db_from_df
    data.to_sql(name=table_name, con=engine_mysql, schema=to_db, if_exists='append',
  File "/usr/lib64/python3.11/site-packages/pandas/core/generic.py", line 3052, in to_sql
    return sql.to_sql(
           ^^^^^^^^^^^
  File "/usr/lib64/python3.11/site-packages/pandas/io/sql.py", line 841, in to_sql
    return pandas_sql.to_sql(
           ^^^^^^^^^^^^^^^^^^
  File "/usr/lib64/python3.11/site-packages/pandas/io/sql.py", line 2037, in to_sql
    total_inserted = sql_engine.insert_records(
                     ^^^^^^^^^^^^^^^^^^^^^^^^^^
  File "/usr/lib64/python3.11/site-packages/pandas/io/sql.py", line 1571, in insert_records
    return table.insert(chunksize=chunksize, method=method)
           ^^^^^^^^^^^^^^^^^^^^^^^^^^^^^^^^^^^^^^^^^^^^^^^^
  File "/usr/lib64/python3.11/site-packages/pandas/io/sql.py", line 1122, in insert
    num_inserted = exec_insert(conn, keys, chunk_iter)
                   ^^^^^^^^^^^^^^^^^^^^^^^^^^^^^^^^^^^
  File "/usr/lib64/python3.11/site-packages/pandas/io/sql.py", line 1014, in _execute_insert
    result = self.pd_sql.execute(self.table.insert(), data)
             ^^^^^^^^^^^^^^^^^^^^^^^^^^^^^^^^^^^^^^^^^^^^^^
  File "/usr/lib64/python3.11/site-packages/pandas/io/sql.py", line 1681, in execute
    raise DatabaseError(f"Execution failed on sql '{sql}': {exc}") from exc
pandas.errors.DatabaseError: Execution failed on sql 'INSERT INTO cn_stock_spot (date, code, name, new_price, change_rate, ups_downs, volume, deal_amount, amplitude, turnoverrate, volume_ratio, open_price, high_price, low_price, pre_close_price, speed_increase, speed_increase_5, speed_increase_60, speed_increase_all, dtsyl, pe9, pe, pbnewmrq, basic_eps, bvps, per_capital_reserve, per_unassign_profit, roe_weight, sale_gpr, debt_asset_ratio, total_operate_income, toi_yoy_ratio, parent_netprofit, netprofit_yoy_ratio, report_date, total_shares, free_shares, total_market_cap, free_cap, industry, listing_date) VALUES (:date, :code, :name, :new_price, :change_rate, :ups_downs, :volume, :deal_amount, :amplitude, :turnoverrate, :volume_ratio, :open_price, :high_price, :low_price, :pre_close_price, :speed_increase, :speed_increase_5, :speed_increase_60, :speed_increase_all, :dtsyl, :pe9, :pe, :pbnewmrq, :basic_eps, :bvps, :per_capital_reserve, :per_unassign_profit, :roe_weight, :sale_gpr, :debt_asset_ratio, :total_operate_income, :toi_yoy_ratio, :parent_netprofit, :netprofit_yoy_ratio, :report_date, :total_shares, :free_shares, :total_market_cap, :free_cap, :industry, :listing_date)': (pymysql.err.IntegrityError) (1062, "Duplicate entry '2026-02-25-000001' for key 'cn_stock_spot.PRIMARY'")
[SQL: INSERT INTO cn_stock_spot (date, code, name, new_price, change_rate, ups_downs, volume, deal_amount, amplitude, turnoverrate, volume_ratio, open_price, high_price, low_price, pre_close_price, speed_increase, speed_increase_5, speed_increase_60, speed_increase_all, dtsyl, pe9, pe, pbnewmrq, basic_eps, bvps, per_capital_reserve, per_unassign_profit, roe_weight, sale_gpr, debt_asset_ratio, total_operate_income, toi_yoy_ratio, parent_netprofit, netprofit_yoy_ratio, report_date, total_shares, free_shares, total_market_cap, free_cap, industry, listing_date) VALUES (%(date)s, %(code)s, %(name)s, %(new_price)s, %(change_rate)s, %(ups_downs)s, %(volume)s, %(deal_amount)s, %(amplitude)s, %(turnoverrate)s, %(volume_ratio)s, %(open_price)s, %(high_price)s, %(low_price)s, %(pre_close_price)s, %(speed_increase)s, %(speed_increase_5)s, %(speed_increase_60)s, %(speed_increase_all)s, %(dtsyl)s, %(pe9)s, %(pe)s, %(pbnewmrq)s, %(basic_eps)s, %(bvps)s, %(per_capital_reserve)s, %(per_unassign_profit)s, %(roe_weight)s, %(sale_gpr)s, %(debt_asset_ratio)s, %(total_operate_income)s, %(toi_yoy_ratio)s, %(parent_netprofit)s, %(netprofit_yoy_ratio)s, %(report_date)s, %(total_shares)s, %(free_shares)s, %(total_market_cap)s, %(free_cap)s, %(industry)s, %(listing_date)s)]
[parameters: [{'date': '2026-02-25', 'code': '000001', 'name': '平安银行', 'new_price': 10.86, 'change_rate': -0.46, 'ups_downs': -0.05, 'volume': 106313500, 'deal_amount': 1156690000, 'amplitude': 1.56, 'turnoverrate': 0.55, 'volume_ratio': 0, 'open_price': 10.91, 'high_price': 10.95, 'low_price': 10.78, 'pre_close_price': 10.91, 'speed_increase': 0, 'speed_increase_5': 0, 'speed_increase_60': 0, 'speed_increase_all': 0, 'dtsyl': 4.89, 'pe9': 0, 'pe': 0, 'pbnewmrq': 0.47, 'basic_eps': 0, 'bvps': 0, 'per_capital_reserve': 0, 'per_unassign_profit': 0, 'roe_weight': 0, 'sale_gpr': 0, 'debt_asset_ratio': 0, 'total_operate_income': 0, 'toi_yoy_ratio': 0, 'parent_netprofit': 0, 'netprofit_yoy_ratio': 0, 'report_date': None, 'total_shares': 0, 'free_shares': 0, 'total_market_cap': 21074800, 'free_cap': 21074500, 'industry': '', 'listing_date': None}, {'date': '2026-02-25', 'code': '000002', 'name': '万  科Ａ', 'new_price': 5.0, 'change_rate': 1.63, 'ups_downs': 0.08, 'volume': 246730900, 'deal_amount': 1236740000, 'amplitude': 3.25, 'turnoverrate': 2.54, 'volume_ratio': 0, 'open_price': 4.92, 'high_price': 5.07, 'low_price': 4.91, 'pre_close_price': 4.92, 'speed_increase': 0, 'speed_increase_5': 0, 'speed_increase_60': 0, 'speed_increase_all': 0, 'dtsyl': -1.0, 'pe9': 0, 'pe': 0, 'pbnewmrq': 0.34, 'basic_eps': 0, 'bvps': 0, 'per_capital_reserve': 0, 'per_unassign_profit': 0, 'roe_weight': 0, 'sale_gpr': 0, 'debt_asset_ratio': 0, 'total_operate_income': 0, 'toi_yoy_ratio': 0, 'parent_netprofit': 0, 'netprofit_yoy_ratio': 0, 'report_date': None, 'total_shares': 0, 'free_shares': 0, 'total_market_cap': 5965400, 'free_cap': 4858200, 'industry': '', 'listing_date': None}, {'date': '2026-02-25', 'code': '000003', 'name': 'PT金田A', 'new_price': 2.71, 'change_rate': 0.0, 'ups_downs': 0.0, 'volume': 0, 'deal_amount': 0, 'amplitude': 0.0, 'turnoverrate': 0.0, 'volume_ratio': 0, 'open_price': 0.0, 'high_price': 0.0, 'low_price': 0.0, 'pre_close_price': 2.71, 'speed_increase': 0, 'speed_increase_5': 0, 'speed_increase_60': 0, 'speed_increase_all': 0, 'dtsyl': 78.43, 'pe9': 0, 'pe': 0, 'pbnewmrq': -0.27, 'basic_eps': 0, 'bvps': 0, 'per_capital_reserve': 0, 'per_unassign_profit': 0, 'roe_weight': 0, 'sale_gpr': 0, 'debt_asset_ratio': 0, 'total_operate_income': 0, 'toi_yoy_ratio': 0, 'parent_netprofit': 0, 'netprofit_yoy_ratio': 0, 'report_date': None, 'total_shares': 0, 'free_shares': 0, 'total_market_cap': 90399, 'free_cap': 52000, 'industry': '', 'listing_date': None}, {'date': '2026-02-25', 'code': '000004', 'name': '*ST国华', 'new_price': 7.54, 'change_rate': -5.04, 'ups_downs': -0.4, 'volume': 20118400, 'deal_amount': 152300000, 'amplitude': 2.52, 'turnoverrate': 15.93, 'volume_ratio': 0, 'open_price': 7.54, 'high_price': 7.74, 'low_price': 7.54, 'pre_close_price': 7.94, 'speed_increase': 0, 'speed_increase_5': 0, 'speed_increase_60': 0, 'speed_increase_all': 0, 'dtsyl': -8.13, 'pe9': 0, 'pe': 0, 'pbnewmrq': 27.02, 'basic_eps': 0, 'bvps': 0, 'per_capital_reserve': 0, 'per_unassign_profit': 0, 'roe_weight': 0, 'sale_gpr': 0, 'debt_asset_ratio': 0, 'total_operate_income': 0, 'toi_yoy_ratio': 0, 'parent_netprofit': 0, 'netprofit_yoy_ratio': 0, 'report_date': None, 'total_shares': 0, 'free_shares': 0, 'total_market_cap': 99800, 'free_cap': 95200, 'industry': '', 'listing_date': None}, {'date': '2026-02-25', 'code': '000005', 'name': 'ST星源', 'new_price': 0.83, 'change_rate': 0.0, 'ups_downs': 0.0, 'volume': 0, 'deal_amount': 0, 'amplitude': 0.0, 'turnoverrate': 0.0, 'volume_ratio': 0, 'open_price': 0.0, 'high_price': 0.0, 'low_price': 0.0, 'pre_close_price': 0.83, 'speed_increase': 0, 'speed_increase_5': 0, 'speed_increase_60': 0, 'speed_increase_all': 0, 'dtsyl': -4.44, 'pe9': 0, 'pe': 0, 'pbnewmrq': 0.73, 'basic_eps': 0, 'bvps': 0, 'per_capital_reserve': 0, 'per_unassign_profit': 0, 'roe_weight': 0, 'sale_gpr': 0, 'debt_asset_ratio': 0, 'total_operate_income': 0, 'toi_yoy_ratio': 0, 'parent_netprofit': 0, 'netprofit_yoy_ratio': 0, 'report_date': None, 'total_shares': 0, 'free_shares': 0, 'total_market_cap': 87899, 'free_cap': 87800, 'industry': '', 'listing_date': None}, {'date': '2026-02-25', 'code': '000006', 'name': '深振业Ａ', 'new_price': 9.68, 'change_rate': 4.42, 'ups_downs': 0.41, 'volume': 46082300, 'deal_amount': 443430000, 'amplitude': 6.58, 'turnoverrate': 3.41, 'volume_ratio': 0, 'open_price': 9.27, 'high_price': 9.85, 'low_price': 9.24, 'pre_close_price': 9.27, 'speed_increase': 0, 'speed_increase_5': 0, 'speed_increase_60': 0, 'speed_increase_all': 0, 'dtsyl': -12.42, 'pe9': 0, 'pe': 0, 'pbnewmrq': 2.42, 'basic_eps': 0, 'bvps': 0, 'per_capital_reserve': 0, 'per_unassign_profit': 0, 'roe_weight': 0, 'sale_gpr': 0, 'debt_asset_ratio': 0, 'total_operate_income': 0, 'toi_yoy_ratio': 0, 'parent_netprofit': 0, 'netprofit_yoy_ratio': 0, 'report_date': None, 'total_shares': 0, 'free_shares': 0, 'total_market_cap': 1306800, 'free_cap': 1306800, 'industry': '', 'listing_date': None}, {'date': '2026-02-25', 'code': '000007', 'name': '全新好', 'new_price': 12.61, 'change_rate': -0.71, 'ups_downs': -0.09, 'volume': 8413300, 'deal_amount': 106030000, 'amplitude': 4.72, 'turnoverrate': 2.43, 'volume_ratio': 0, 'open_price': 12.71, 'high_price': 12.99, 'low_price': 12.39, 'pre_close_price': 12.7, 'speed_increase': 0, 'speed_increase_5': 0, 'speed_increase_60': 0, 'speed_increase_all': 0, 'dtsyl': 77.1, 'pe9': 0, 'pe': 0, 'pbnewmrq': 23.92, 'basic_eps': 0, 'bvps': 0, 'per_capital_reserve': 0, 'per_unassign_profit': 0, 'roe_weight': 0, 'sale_gpr': 0, 'debt_asset_ratio': 0, 'total_operate_income': 0, 'toi_yoy_ratio': 0, 'parent_netprofit': 0, 'netprofit_yoy_ratio': 0, 'report_date': None, 'total_shares': 0, 'free_shares': 0, 'total_market_cap': 436900, 'free_cap': 436900, 'industry': '', 'listing_date': None}, {'date': '2026-02-25', 'code': '000008', 'name': '神州高铁', 'new_price': 3.05, 'change_rate': 0.66, 'ups_downs': 0.02, 'volume': 47631100, 'deal_amount': 145640000, 'amplitude': 1.65, 'turnoverrate': 1.75, 'volume_ratio': 0, 'open_price': 3.04, 'high_price': 3.08, 'low_price': 3.03, 'pre_close_price': 3.03, 'speed_increase': 0, 'speed_increase_5': 0, 'speed_increase_60': 0, 'speed_increase_all': 0, 'dtsyl': -18.3, 'pe9': 0, 'pe': 0, 'pbnewmrq': 2.83, 'basic_eps': 0, 'bvps': 0, 'per_capital_reserve': 0, 'per_unassign_profit': 0, 'roe_weight': 0, 'sale_gpr': 0, 'debt_asset_ratio': 0, 'total_operate_income': 0, 'toi_yoy_ratio': 0, 'parent_netprofit': 0, 'netprofit_yoy_ratio': 0, 'report_date': None, 'total_shares': 0, 'free_shares': 0, 'total_market_cap': 828500, 'free_cap': 828500, 'industry': '', 'listing_date': None}  ... displaying 10 of 4910 total bound parameter sets ...  {'date': '2026-02-25', 'code': '301596', 'name': '瑞迪智驱', 'new_price': 74.33, 'change_rate': -0.58, 'ups_downs': -0.43, 'volume': 660600, 'deal_amount': 49140000, 'amplitude': 1.07, 'turnoverrate': 2.11, 'volume_ratio': 0, 'open_price': 74.7, 'high_price': 74.88, 'low_price': 74.08, 'pre_close_price': 74.76, 'speed_increase': 0, 'speed_increase_5': 0, 'speed_increase_60': 0, 'speed_increase_all': 0, 'dtsyl': 53.72, 'pe9': 0, 'pe': 0, 'pbnewmrq': 6.76, 'basic_eps': 0, 'bvps': 0, 'per_capital_reserve': 0, 'per_unassign_profit': 0, 'roe_weight': 0, 'sale_gpr': 0, 'debt_asset_ratio': 0, 'total_operate_income': 0, 'toi_yoy_ratio': 0, 'parent_netprofit': 0, 'netprofit_yoy_ratio': 0, 'report_date': None, 'total_shares': 0, 'free_shares': 0, 'total_market_cap': 573600, 'free_cap': 232800, 'industry': '', 'listing_date': None}, {'date': '2026-02-25', 'code': '301598', 'name': '博科测试', 'new_price': 66.95, 'change_rate': 0.53, 'ups_downs': 0.35, 'volume': 522100, 'deal_amount': 34900000, 'amplitude': 1.08, 'turnoverrate': 2.98, 'volume_ratio': 0, 'open_price': 66.58, 'high_price': 67.27, 'low_price': 66.55, 'pre_close_price': 66.6, 'speed_increase': 0, 'speed_increase_5': 0, 'speed_increase_60': 0, 'speed_increase_all': 0, 'dtsyl': 34.36, 'pe9': 0, 'pe': 0, 'pbnewmrq': 4.17, 'basic_eps': 0, 'bvps': 0, 'per_capital_reserve': 0, 'per_unassign_profit': 0, 'roe_weight': 0, 'sale_gpr': 0, 'debt_asset_ratio': 0, 'total_operate_income': 0, 'toi_yoy_ratio': 0, 'parent_netprofit': 0, 'netprofit_yoy_ratio': 0, 'report_date': None, 'total_shares': 0, 'free_shares': 0, 'total_market_cap': 394300, 'free_cap': 117500, 'industry': '', 'listing_date': None}]]
(Background on this error at: https://sqlalche.me/e/20/gkpj)
WARNING:root:东方财富ETF数据获取失败：('Connection aborted.', RemoteDisconnected('Remote end closed connection without response'))，切换下一个数据源
ERROR:root:database.get_connection处理异常
Traceback (most recent call last):
  File "/root/SelectStock/instock/lib/database.py", line 78, in get_connection
    return pymysql.connect(**MYSQL_CONN_DBAPI)
           ^^^^^^^^^^^^^^^^^^^^^^^^^^^^^^^^^^^
  File "/usr/lib/python3.11/site-packages/pymysql/connections.py", line 365, in __init__
    self.connect()
  File "/usr/lib/python3.11/site-packages/pymysql/connections.py", line 681, in connect
    self._request_authentication()
  File "/usr/lib/python3.11/site-packages/pymysql/connections.py", line 972, in _request_authentication
    auth_packet = self._process_auth(plugin_name, auth_packet)
                  ^^^^^^^^^^^^^^^^^^^^^^^^^^^^^^^^^^^^^^^^^^^^
  File "/usr/lib/python3.11/site-packages/pymysql/connections.py", line 1063, in _process_auth
    pkt = self._read_packet()
          ^^^^^^^^^^^^^^^^^^^
  File "/usr/lib/python3.11/site-packages/pymysql/connections.py", line 764, in _read_packet
    raise err.InternalError(
pymysql.err.InternalError: Packet sequence number wrong - got 3 expected 4
ERROR:root:database.checkTableIsExist处理异常
Traceback (most recent call last):
  File "/root/SelectStock/instock/lib/database.py", line 180, in checkTableIsExist
    with get_connection() as conn:
         ^^^^^^^^^^^^^^^^
  File "/root/SelectStock/instock/lib/database.py", line 78, in get_connection
    return pymysql.connect(**MYSQL_CONN_DBAPI)
           ^^^^^^^^^^^^^^^^^^^^^^^^^^^^^^^^^^^
  File "/usr/lib/python3.11/site-packages/pymysql/connections.py", line 365, in __init__
    self.connect()
  File "/usr/lib/python3.11/site-packages/pymysql/connections.py", line 681, in connect
    self._request_authentication()
  File "/usr/lib/python3.11/site-packages/pymysql/connections.py", line 972, in _request_authentication
    auth_packet = self._process_auth(plugin_name, auth_packet)
                  ^^^^^^^^^^^^^^^^^^^^^^^^^^^^^^^^^^^^^^^^^^^^
  File "/usr/lib/python3.11/site-packages/pymysql/connections.py", line 1063, in _process_auth
    pkt = self._read_packet()
          ^^^^^^^^^^^^^^^^^^^
  File "/usr/lib/python3.11/site-packages/pymysql/connections.py", line 764, in _read_packet
    raise err.InternalError(
pymysql.err.InternalError: Packet sequence number wrong - got 3 expected 4
ERROR:root:database.executeSql处理异常：DELETE FROM `cn_etf_spot` where `date` = '2026-02-25'
Traceback (most recent call last):
  File "/root/SelectStock/instock/lib/database.py", line 198, in executeSql
    db.execute(sql, params)
  File "/usr/lib/python3.11/site-packages/pymysql/cursors.py", line 153, in execute
    result = self._query(query)
             ^^^^^^^^^^^^^^^^^^
  File "/usr/lib/python3.11/site-packages/pymysql/cursors.py", line 322, in _query
    conn.query(q)
  File "/usr/lib/python3.11/site-packages/pymysql/connections.py", line 575, in query
    self._affected_rows = self._read_query_result(unbuffered=unbuffered)
                          ^^^^^^^^^^^^^^^^^^^^^^^^^^^^^^^^^^^^^^^^^^^^^^
  File "/usr/lib/python3.11/site-packages/pymysql/connections.py", line 826, in _read_query_result
    result.read()
  File "/usr/lib/python3.11/site-packages/pymysql/connections.py", line 1203, in read
    first_packet = self.connection._read_packet()
                   ^^^^^^^^^^^^^^^^^^^^^^^^^^^^^^
  File "/usr/lib/python3.11/site-packages/pymysql/connections.py", line 782, in _read_packet
    packet.raise_for_error()
  File "/usr/lib/python3.11/site-packages/pymysql/protocol.py", line 219, in raise_for_error
    err.raise_mysql_exception(self._data)
  File "/usr/lib/python3.11/site-packages/pymysql/err.py", line 150, in raise_mysql_exception
    raise errorclass(errno, errval)
pymysql.err.OperationalError: (1213, 'Deadlock found when trying to get lock; try restarting transaction')
ERROR:root:database.insert_other_db_from_df处理异常：cn_etf_spot表
Traceback (most recent call last):
  File "/usr/lib64/python3.11/site-packages/sqlalchemy/engine/base.py", line 1936, in _exec_single_context
    self.dialect.do_executemany(
  File "/usr/lib64/python3.11/site-packages/sqlalchemy/dialects/mysql/mysqldb.py", line 196, in do_executemany
    rowcount = cursor.executemany(statement, parameters)
               ^^^^^^^^^^^^^^^^^^^^^^^^^^^^^^^^^^^^^^^^^
  File "/usr/lib/python3.11/site-packages/pymysql/cursors.py", line 182, in executemany
    return self._do_execute_many(
           ^^^^^^^^^^^^^^^^^^^^^^
  File "/usr/lib/python3.11/site-packages/pymysql/cursors.py", line 220, in _do_execute_many
    rows += self.execute(sql + postfix)
            ^^^^^^^^^^^^^^^^^^^^^^^^^^^
  File "/usr/lib/python3.11/site-packages/pymysql/cursors.py", line 153, in execute
    result = self._query(query)
             ^^^^^^^^^^^^^^^^^^
  File "/usr/lib/python3.11/site-packages/pymysql/cursors.py", line 322, in _query
    conn.query(q)
  File "/usr/lib/python3.11/site-packages/pymysql/connections.py", line 575, in query
    self._affected_rows = self._read_query_result(unbuffered=unbuffered)
                          ^^^^^^^^^^^^^^^^^^^^^^^^^^^^^^^^^^^^^^^^^^^^^^
  File "/usr/lib/python3.11/site-packages/pymysql/connections.py", line 826, in _read_query_result
    result.read()
  File "/usr/lib/python3.11/site-packages/pymysql/connections.py", line 1203, in read
    first_packet = self.connection._read_packet()
                   ^^^^^^^^^^^^^^^^^^^^^^^^^^^^^^
  File "/usr/lib/python3.11/site-packages/pymysql/connections.py", line 782, in _read_packet
    packet.raise_for_error()
  File "/usr/lib/python3.11/site-packages/pymysql/protocol.py", line 219, in raise_for_error
    err.raise_mysql_exception(self._data)
  File "/usr/lib/python3.11/site-packages/pymysql/err.py", line 150, in raise_mysql_exception
    raise errorclass(errno, errval)
pymysql.err.OperationalError: (1205, 'Lock wait timeout exceeded; try restarting transaction')

The above exception was the direct cause of the following exception:

Traceback (most recent call last):
  File "/usr/lib64/python3.11/site-packages/pandas/io/sql.py", line 1679, in execute
    return execute_function(sql, *args)
           ^^^^^^^^^^^^^^^^^^^^^^^^^^^^
  File "/usr/lib64/python3.11/site-packages/sqlalchemy/engine/base.py", line 1419, in execute
    return meth(
           ^^^^^
  File "/usr/lib64/python3.11/site-packages/sqlalchemy/sql/elements.py", line 527, in _execute_on_connection
    return connection._execute_clauseelement(
           ^^^^^^^^^^^^^^^^^^^^^^^^^^^^^^^^^^
  File "/usr/lib64/python3.11/site-packages/sqlalchemy/engine/base.py", line 1641, in _execute_clauseelement
    ret = self._execute_context(
          ^^^^^^^^^^^^^^^^^^^^^^
  File "/usr/lib64/python3.11/site-packages/sqlalchemy/engine/base.py", line 1846, in _execute_context
    return self._exec_single_context(
           ^^^^^^^^^^^^^^^^^^^^^^^^^^
  File "/usr/lib64/python3.11/site-packages/sqlalchemy/engine/base.py", line 1986, in _exec_single_context
    self._handle_dbapi_exception(
  File "/usr/lib64/python3.11/site-packages/sqlalchemy/engine/base.py", line 2363, in _handle_dbapi_exception
    raise sqlalchemy_exception.with_traceback(exc_info[2]) from e
  File "/usr/lib64/python3.11/site-packages/sqlalchemy/engine/base.py", line 1936, in _exec_single_context
    self.dialect.do_executemany(
  File "/usr/lib64/python3.11/site-packages/sqlalchemy/dialects/mysql/mysqldb.py", line 196, in do_executemany
    rowcount = cursor.executemany(statement, parameters)
               ^^^^^^^^^^^^^^^^^^^^^^^^^^^^^^^^^^^^^^^^^
  File "/usr/lib/python3.11/site-packages/pymysql/cursors.py", line 182, in executemany
    return self._do_execute_many(
           ^^^^^^^^^^^^^^^^^^^^^^
  File "/usr/lib/python3.11/site-packages/pymysql/cursors.py", line 220, in _do_execute_many
    rows += self.execute(sql + postfix)
            ^^^^^^^^^^^^^^^^^^^^^^^^^^^
  File "/usr/lib/python3.11/site-packages/pymysql/cursors.py", line 153, in execute
    result = self._query(query)
             ^^^^^^^^^^^^^^^^^^
  File "/usr/lib/python3.11/site-packages/pymysql/cursors.py", line 322, in _query
    conn.query(q)
  File "/usr/lib/python3.11/site-packages/pymysql/connections.py", line 575, in query
    self._affected_rows = self._read_query_result(unbuffered=unbuffered)
                          ^^^^^^^^^^^^^^^^^^^^^^^^^^^^^^^^^^^^^^^^^^^^^^
  File "/usr/lib/python3.11/site-packages/pymysql/connections.py", line 826, in _read_query_result
    result.read()
  File "/usr/lib/python3.11/site-packages/pymysql/connections.py", line 1203, in read
    first_packet = self.connection._read_packet()
                   ^^^^^^^^^^^^^^^^^^^^^^^^^^^^^^
  File "/usr/lib/python3.11/site-packages/pymysql/connections.py", line 782, in _read_packet
    packet.raise_for_error()
  File "/usr/lib/python3.11/site-packages/pymysql/protocol.py", line 219, in raise_for_error
    err.raise_mysql_exception(self._data)
  File "/usr/lib/python3.11/site-packages/pymysql/err.py", line 150, in raise_mysql_exception
    raise errorclass(errno, errval)
sqlalchemy.exc.OperationalError: (pymysql.err.OperationalError) (1205, 'Lock wait timeout exceeded; try restarting transaction')
[SQL: INSERT INTO cn_etf_spot (date, code, name, new_price, change_rate, ups_downs, volume, deal_amount, open_price, high_price, low_price, pre_close_price, turnoverrate, total_market_cap, free_cap) VALUES (%(date)s, %(code)s, %(name)s, %(new_price)s, %(change_rate)s, %(ups_downs)s, %(volume)s, %(deal_amount)s, %(open_price)s, %(high_price)s, %(low_price)s, %(pre_close_price)s, %(turnoverrate)s, %(total_market_cap)s, %(free_cap)s)]
[parameters: [{'date': '2026-02-25', 'code': '511900', 'name': '富国货币ETF', 'new_price': 100.0, 'change_rate': 0.0, 'ups_downs': 0.001, 'volume': 290500, 'deal_amount': 29050000, 'open_price': 99.998, 'high_price': 100.0, 'low_price': 99.997, 'pre_close_price': 99.999, 'turnoverrate': 18.2, 'total_market_cap': 16000, 'free_cap': 16000}, {'date': '2026-02-25', 'code': '511910', 'name': '融通货币ETF', 'new_price': 99.996, 'change_rate': 0.0, 'ups_downs': 0.002, 'volume': 66300, 'deal_amount': 6630000, 'open_price': 99.994, 'high_price': 99.996, 'low_price': 99.99, 'pre_close_price': 99.994, 'turnoverrate': 19.2, 'total_market_cap': 3500, 'free_cap': 3500}, {'date': '2026-02-25', 'code': '511920', 'name': '广发货币ETF', 'new_price': 99.996, 'change_rate': 0.0, 'ups_downs': 0.001, 'volume': 42200, 'deal_amount': 4220000, 'open_price': 99.995, 'high_price': 99.996, 'low_price': 99.99, 'pre_close_price': 99.995, 'turnoverrate': 8.63, 'total_market_cap': 4900, 'free_cap': 4900}, {'date': '2026-02-25', 'code': '511930', 'name': '货币ETF国联', 'new_price': 99.995, 'change_rate': 0.0, 'ups_downs': 0.0, 'volume': 60300, 'deal_amount': 6030000, 'open_price': 99.991, 'high_price': 99.996, 'low_price': 99.99, 'pre_close_price': 99.995, 'turnoverrate': 14.37, 'total_market_cap': 4200, 'free_cap': 4200}, {'date': '2026-02-25', 'code': '511950', 'name': '添利货币ETF', 'new_price': 99.995, 'change_rate': 0.0, 'ups_downs': 0.001, 'volume': 37300, 'deal_amount': 3730000, 'open_price': 99.996, 'high_price': 99.996, 'low_price': 99.99, 'pre_close_price': 99.994, 'turnoverrate': 7.63, 'total_market_cap': 4900, 'free_cap': 4900}, {'date': '2026-02-25', 'code': '511960', 'name': '货币ETF嘉实', 'new_price': 99.996, 'change_rate': 0.0, 'ups_downs': 0.0, 'volume': 74500, 'deal_amount': 7450000, 'open_price': 99.995, 'high_price': 99.996, 'low_price': 99.993, 'pre_close_price': 99.996, 'turnoverrate': 12.87, 'total_market_cap': 5800, 'free_cap': 5800}, {'date': '2026-02-25', 'code': '511970', 'name': '国寿货币ETF', 'new_price': 99.993, 'change_rate': 0.0, 'ups_downs': 0.0, 'volume': 53300, 'deal_amount': 5330000, 'open_price': 99.996, 'high_price': 99.996, 'low_price': 99.942, 'pre_close_price': 99.993, 'turnoverrate': 7.78, 'total_market_cap': 6899, 'free_cap': 6899}, {'date': '2026-02-25', 'code': '511980', 'name': '现金添富ETF', 'new_price': 100.088, 'change_rate': 0.02, 'ups_downs': 0.018, 'volume': 8200, 'deal_amount': 820000, 'open_price': 100.06, 'high_price': 100.12, 'low_price': 100.06, 'pre_close_price': 100.07, 'turnoverrate': 3.41, 'total_market_cap': 2400, 'free_cap': 2400}  ... displaying 10 of 1473 total bound parameter sets ...  {'date': '2026-02-25', 'code': '159698', 'name': '粮食ETF', 'new_price': 1.129, 'change_rate': 2.36, 'ups_downs': 0.026, 'volume': 33934500, 'deal_amount': 38190000, 'open_price': 1.103, 'high_price': 1.135, 'low_price': 1.103, 'pre_close_price': 1.103, 'turnoverrate': 9.01, 'total_market_cap': 42500, 'free_cap': 42500}, {'date': '2026-02-25', 'code': '159699', 'name': '恒生消费ETF', 'new_price': 1.087, 'change_rate': -0.55, 'ups_downs': -0.006, 'volume': 51390700, 'deal_amount': 56310000, 'open_price': 1.092, 'high_price': 1.102, 'low_price': 1.087, 'pre_close_price': 1.093, 'turnoverrate': 4.54, 'total_market_cap': 123100, 'free_cap': 123100}]]
(Background on this error at: https://sqlalche.me/e/20/e3q8)

The above exception was the direct cause of the following exception:

Traceback (most recent call last):
  File "/root/SelectStock/instock/lib/database.py", line 107, in insert_other_db_from_df
    data.to_sql(name=table_name, con=engine_mysql, schema=to_db, if_exists='append',
  File "/usr/lib64/python3.11/site-packages/pandas/core/generic.py", line 3052, in to_sql
    return sql.to_sql(
           ^^^^^^^^^^^
  File "/usr/lib64/python3.11/site-packages/pandas/io/sql.py", line 841, in to_sql
    return pandas_sql.to_sql(
           ^^^^^^^^^^^^^^^^^^
  File "/usr/lib64/python3.11/site-packages/pandas/io/sql.py", line 2037, in to_sql
    total_inserted = sql_engine.insert_records(
                     ^^^^^^^^^^^^^^^^^^^^^^^^^^
  File "/usr/lib64/python3.11/site-packages/pandas/io/sql.py", line 1571, in insert_records
    return table.insert(chunksize=chunksize, method=method)
           ^^^^^^^^^^^^^^^^^^^^^^^^^^^^^^^^^^^^^^^^^^^^^^^^
  File "/usr/lib64/python3.11/site-packages/pandas/io/sql.py", line 1122, in insert
    num_inserted = exec_insert(conn, keys, chunk_iter)
                   ^^^^^^^^^^^^^^^^^^^^^^^^^^^^^^^^^^^
  File "/usr/lib64/python3.11/site-packages/pandas/io/sql.py", line 1014, in _execute_insert
    result = self.pd_sql.execute(self.table.insert(), data)
             ^^^^^^^^^^^^^^^^^^^^^^^^^^^^^^^^^^^^^^^^^^^^^^
  File "/usr/lib64/python3.11/site-packages/pandas/io/sql.py", line 1681, in execute
    raise DatabaseError(f"Execution failed on sql '{sql}': {exc}") from exc
pandas.errors.DatabaseError: Execution failed on sql 'INSERT INTO cn_etf_spot (date, code, name, new_price, change_rate, ups_downs, volume, deal_amount, open_price, high_price, low_price, pre_close_price, turnoverrate, total_market_cap, free_cap) VALUES (:date, :code, :name, :new_price, :change_rate, :ups_downs, :volume, :deal_amount, :open_price, :high_price, :low_price, :pre_close_price, :turnoverrate, :total_market_cap, :free_cap)': (pymysql.err.OperationalError) (1205, 'Lock wait timeout exceeded; try restarting transaction')
[SQL: INSERT INTO cn_etf_spot (date, code, name, new_price, change_rate, ups_downs, volume, deal_amount, open_price, high_price, low_price, pre_close_price, turnoverrate, total_market_cap, free_cap) VALUES (%(date)s, %(code)s, %(name)s, %(new_price)s, %(change_rate)s, %(ups_downs)s, %(volume)s, %(deal_amount)s, %(open_price)s, %(high_price)s, %(low_price)s, %(pre_close_price)s, %(turnoverrate)s, %(total_market_cap)s, %(free_cap)s)]
[parameters: [{'date': '2026-02-25', 'code': '511900', 'name': '富国货币ETF', 'new_price': 100.0, 'change_rate': 0.0, 'ups_downs': 0.001, 'volume': 290500, 'deal_amount': 29050000, 'open_price': 99.998, 'high_price': 100.0, 'low_price': 99.997, 'pre_close_price': 99.999, 'turnoverrate': 18.2, 'total_market_cap': 16000, 'free_cap': 16000}, {'date': '2026-02-25', 'code': '511910', 'name': '融通货币ETF', 'new_price': 99.996, 'change_rate': 0.0, 'ups_downs': 0.002, 'volume': 66300, 'deal_amount': 6630000, 'open_price': 99.994, 'high_price': 99.996, 'low_price': 99.99, 'pre_close_price': 99.994, 'turnoverrate': 19.2, 'total_market_cap': 3500, 'free_cap': 3500}, {'date': '2026-02-25', 'code': '511920', 'name': '广发货币ETF', 'new_price': 99.996, 'change_rate': 0.0, 'ups_downs': 0.001, 'volume': 42200, 'deal_amount': 4220000, 'open_price': 99.995, 'high_price': 99.996, 'low_price': 99.99, 'pre_close_price': 99.995, 'turnoverrate': 8.63, 'total_market_cap': 4900, 'free_cap': 4900}, {'date': '2026-02-25', 'code': '511930', 'name': '货币ETF国联', 'new_price': 99.995, 'change_rate': 0.0, 'ups_downs': 0.0, 'volume': 60300, 'deal_amount': 6030000, 'open_price': 99.991, 'high_price': 99.996, 'low_price': 99.99, 'pre_close_price': 99.995, 'turnoverrate': 14.37, 'total_market_cap': 4200, 'free_cap': 4200}, {'date': '2026-02-25', 'code': '511950', 'name': '添利货币ETF', 'new_price': 99.995, 'change_rate': 0.0, 'ups_downs': 0.001, 'volume': 37300, 'deal_amount': 3730000, 'open_price': 99.996, 'high_price': 99.996, 'low_price': 99.99, 'pre_close_price': 99.994, 'turnoverrate': 7.63, 'total_market_cap': 4900, 'free_cap': 4900}, {'date': '2026-02-25', 'code': '511960', 'name': '货币ETF嘉实', 'new_price': 99.996, 'change_rate': 0.0, 'ups_downs': 0.0, 'volume': 74500, 'deal_amount': 7450000, 'open_price': 99.995, 'high_price': 99.996, 'low_price': 99.993, 'pre_close_price': 99.996, 'turnoverrate': 12.87, 'total_market_cap': 5800, 'free_cap': 5800}, {'date': '2026-02-25', 'code': '511970', 'name': '国寿货币ETF', 'new_price': 99.993, 'change_rate': 0.0, 'ups_downs': 0.0, 'volume': 53300, 'deal_amount': 5330000, 'open_price': 99.996, 'high_price': 99.996, 'low_price': 99.942, 'pre_close_price': 99.993, 'turnoverrate': 7.78, 'total_market_cap': 6899, 'free_cap': 6899}, {'date': '2026-02-25', 'code': '511980', 'name': '现金添富ETF', 'new_price': 100.088, 'change_rate': 0.02, 'ups_downs': 0.018, 'volume': 8200, 'deal_amount': 820000, 'open_price': 100.06, 'high_price': 100.12, 'low_price': 100.06, 'pre_close_price': 100.07, 'turnoverrate': 3.41, 'total_market_cap': 2400, 'free_cap': 2400}  ... displaying 10 of 1473 total bound parameter sets ...  {'date': '2026-02-25', 'code': '159698', 'name': '粮食ETF', 'new_price': 1.129, 'change_rate': 2.36, 'ups_downs': 0.026, 'volume': 33934500, 'deal_amount': 38190000, 'open_price': 1.103, 'high_price': 1.135, 'low_price': 1.103, 'pre_close_price': 1.103, 'turnoverrate': 9.01, 'total_market_cap': 42500, 'free_cap': 42500}, {'date': '2026-02-25', 'code': '159699', 'name': '恒生消费ETF', 'new_price': 1.087, 'change_rate': -0.55, 'ups_downs': -0.006, 'volume': 51390700, 'deal_amount': 56310000, 'open_price': 1.092, 'high_price': 1.102, 'low_price': 1.087, 'pre_close_price': 1.093, 'turnoverrate': 4.54, 'total_market_cap': 123100, 'free_cap': 123100}]]
(Background on this error at: https://sqlalche.me/e/20/e3q8)
请求错误: ('Connection aborted.', RemoteDisconnected('Remote end closed connection without response')), 第 1/2 次重试
请求错误: ('Connection aborted.', RemoteDisconnected('Remote end closed connection without response')), 第 2/2 次重试
请求错误: ('Connection aborted.', RemoteDisconnected('Remote end closed connection without response')), 第 1/2 次重试
请求错误: ('Connection aborted.', RemoteDisconnected('Remote end closed connection without response')), 第 2/2 次重试
[2026-02-25 23:45:50] 执行完成 (成功)
ERROR:root:database.insert_other_db_from_df处理异常：cn_etf_spot表
Traceback (most recent call last):
  File "/root/SelectStock/instock/lib/database.py", line 113, in insert_other_db_from_df
    data.to_sql(name=table_name, con=engine_mysql, schema=to_db, if_exists='append',
  File "/usr/lib64/python3.11/site-packages/pandas/core/generic.py", line 3052, in to_sql
    return sql.to_sql(
           ^^^^^^^^^^^
  File "/usr/lib64/python3.11/site-packages/pandas/io/sql.py", line 840, in to_sql
    with pandasSQL_builder(con, schema=schema, need_transaction=True) as pandas_sql:
  File "/usr/lib64/python3.11/site-packages/pandas/io/sql.py", line 1658, in __exit__
    self.exit_stack.close()
  File "/usr/lib64/python3.11/contextlib.py", line 597, in close
    self.__exit__(None, None, None)
  File "/usr/lib64/python3.11/contextlib.py", line 589, in __exit__
    raise exc_details[1]
  File "/usr/lib64/python3.11/contextlib.py", line 574, in __exit__
    if cb(*exc_details):
       ^^^^^^^^^^^^^^^^
  File "/usr/lib64/python3.11/site-packages/sqlalchemy/engine/util.py", line 147, in __exit__
    with util.safe_reraise():
  File "/usr/lib64/python3.11/site-packages/sqlalchemy/util/langhelpers.py", line 224, in __exit__
    raise exc_value.with_traceback(exc_tb)
  File "/usr/lib64/python3.11/site-packages/sqlalchemy/engine/util.py", line 145, in __exit__
    self.commit()
  File "/usr/lib64/python3.11/site-packages/sqlalchemy/engine/base.py", line 2640, in commit
    self._do_commit()
  File "/usr/lib64/python3.11/site-packages/sqlalchemy/engine/base.py", line 2745, in _do_commit
    self._connection_commit_impl()
  File "/usr/lib64/python3.11/site-packages/sqlalchemy/engine/base.py", line 2716, in _connection_commit_impl
    self.connection._commit_impl()
  File "/usr/lib64/python3.11/site-packages/sqlalchemy/engine/base.py", line 1147, in _commit_impl
    self._handle_dbapi_exception(e, None, None, None, None)
  File "/usr/lib64/python3.11/site-packages/sqlalchemy/engine/base.py", line 2366, in _handle_dbapi_exception
    raise exc_info[1].with_traceback(exc_info[2])
  File "/usr/lib64/python3.11/site-packages/sqlalchemy/engine/base.py", line 1145, in _commit_impl
    self.engine.dialect.do_commit(self.connection)
                                  ^^^^^^^^^^^^^^^
  File "/usr/lib64/python3.11/site-packages/sqlalchemy/engine/base.py", line 581, in connection
    return self._revalidate_connection()
           ^^^^^^^^^^^^^^^^^^^^^^^^^^^^^
  File "/usr/lib64/python3.11/site-packages/sqlalchemy/engine/base.py", line 673, in _revalidate_connection
    self._invalid_transaction()
  File "/usr/lib64/python3.11/site-packages/sqlalchemy/engine/base.py", line 663, in _invalid_transaction
    raise exc.PendingRollbackError(
sqlalchemy.exc.PendingRollbackError: Can't reconnect until invalid transaction is rolled back.  Please rollback() fully before proceeding (Background on this error at: https://sqlalche.me/e/20/8s2b)
请求错误: ('Connection aborted.', RemoteDisconnected('Remote end closed connection without response')), 第 1/2 次重试
请求错误: ('Connection aborted.', RemoteDisconnected('Remote end closed connection without response')), 第 2/2 次重试
请求错误: ('Connection aborted.', RemoteDisconnected('Remote end closed connection without response')), 第 1/2 次重试
请求错误: ('Connection aborted.', RemoteDisconnected('Remote end closed connection without response')), 第 2/2 次重试
[2026-02-26 01:30:45] 执行完成 (成功)
