2026-02-26 22:00:03 [INFO] root: 数据库链接信息：mysql+pymysql://root:***@115.29.213.22:3306/instockdb?charset=utf8mb4
2026-02-26 22:00:04 [INFO] root: ====== 数据分析任务开始 [2026-02-26 22:00:04] ======
2026-02-26 22:00:04 [INFO] root: 代理池：正在从免费代理源获取代理...
2026-02-26 22:01:20 [WARNING] root: 代理池：未能从免费代理源获取到候选代理
2026-02-26 22:01:20 [INFO] root: 代理池：后台刷新已启动（间隔 600 秒）
2026-02-26 22:01:26 [INFO] root: GPT综合选股：2026-02-26 无符合条件的股票
2026-02-26 22:01:26 [INFO] root: ===== Phase 4: 流式分析开始 [2026-02-26] =====
2026-02-26 22:01:26 [INFO] root: 尝试从东方财富获取股票数据...
2026-02-26 22:01:31 [WARNING] root: 东方财富数据获取失败：('Connection aborted.', RemoteDisconnected('Remote end closed connection without response'))，切换下一个数据源
2026-02-26 22:01:31 [INFO] root: 尝试从腾讯财经获取股票数据...
2026-02-26 22:01:39 [INFO] root: 成功从腾讯财经获取 5516 条股票数据
2026-02-26 22:01:39 [INFO] root: 流式分析：共 4910 只股票待处理
2026-02-26 22:03:38 [INFO] root: 流式分析进度：200/4910（跳过 9，错误 0）
2026-02-26 22:04:00 [INFO] root: 流式分析进度：400/4910（跳过 9，错误 0）
2026-02-26 22:04:34 [INFO] root: 流式分析进度：600/4910（跳过 11，错误 0）
2026-02-26 22:05:05 [INFO] root: 流式分析进度：800/4910（跳过 20，错误 0）
2026-02-26 22:05:42 [INFO] root: 流式分析进度：1000/4910（跳过 24，错误 0）
2026-02-26 22:06:18 [INFO] root: 流式分析进度：1200/4910（跳过 33，错误 0）
2026-02-26 22:06:54 [INFO] root: 流式分析进度：1400/4910（跳过 36，错误 0）
2026-02-26 22:07:31 [INFO] root: 流式分析进度：1600/4910（跳过 36，错误 0）
2026-02-26 22:08:16 [INFO] root: 流式分析进度：1800/4910（跳过 37，错误 0）
2026-02-26 22:08:41 [INFO] root: 流式分析进度：2000/4910（跳过 40，错误 0）
2026-02-26 22:09:19 [INFO] root: 流式分析进度：2200/4910（跳过 41，错误 0）
2026-02-26 22:09:57 [INFO] root: 流式分析进度：2400/4910（跳过 41，错误 0）
2026-02-26 22:10:29 [INFO] root: 流式分析进度：2600/4910（跳过 42，错误 0）
2026-02-26 22:11:16 [INFO] root: 流式分析进度：2800/4910（跳过 45，错误 0）
2026-02-26 22:11:20 [INFO] root: 代理池：可用代理不足（0/3），正在补充...
2026-02-26 22:11:46 [INFO] root: 流式分析进度：3000/4910（跳过 45，错误 0）
2026-02-26 22:12:26 [INFO] root: 流式分析进度：3200/4910（跳过 45，错误 0）
2026-02-26 22:12:56 [INFO] root: 流式分析进度：3400/4910（跳过 54，错误 0）
2026-02-26 22:13:39 [INFO] root: 流式分析进度：3600/4910（跳过 54，错误 0）
2026-02-26 22:14:20 [INFO] root: 流式分析进度：3800/4910（跳过 69，错误 0）
2026-02-26 22:14:55 [INFO] root: 流式分析进度：4000/4910（跳过 83，错误 0）
2026-02-26 22:15:38 [INFO] root: 流式分析进度：4200/4910（跳过 90，错误 0）
2026-02-26 22:16:15 [INFO] root: 流式分析进度：4400/4910（跳过 100，错误 0）
2026-02-26 22:16:51 [INFO] root: 流式分析进度：4600/4910（跳过 100，错误 0）
2026-02-26 22:16:53 [INFO] root: 代理池：其中 9 个支持 HTTPS 隧道
2026-02-26 22:16:53 [INFO] root: 代理池：补充完成，新增 195 个，当前可用 195 个
2026-02-26 22:17:23 [INFO] root: 流式分析进度：4800/4910（跳过 101，错误 0）
2026-02-26 22:17:31 [INFO] root: ===== Phase 4: 流式分析完成 =====
  总数: 4910，处理: 4809，跳过: 101，错误: 0
  耗时: 964.5秒
2026-02-26 22:19:21 [INFO] root: 回测汇总完成：28 条记录，覆盖 14 个策略
2026-02-26 22:19:21 [INFO] root: ====== 数据分析任务完成，耗时 1157.0 秒 ======
2026-02-27 01:30:04 [INFO] root: 数据库链接信息：mysql+pymysql://root:***@115.29.213.22:3306/instockdb?charset=utf8mb4
2026-02-27 01:30:04 [INFO] root: ====== 数据分析任务开始 [2026-02-27 01:30:04] ======
2026-02-27 01:30:04 [INFO] root: 代理池：正在从免费代理源获取代理...
2026-02-27 01:32:09 [INFO] root: 代理池：其中 6 个支持 HTTPS 隧道
2026-02-27 01:32:09 [INFO] root: 代理池：获取 1714 个候选代理，验证 500 个，通过 75 个
2026-02-27 01:32:09 [INFO] root: 代理池：后台刷新已启动（间隔 600 秒）
2026-02-27 01:32:26 [INFO] root: GPT综合选股：2026-02-26 无符合条件的股票
2026-02-27 01:32:26 [INFO] root: ===== Phase 4: 流式分析开始 [2026-02-26] =====
2026-02-27 01:32:26 [INFO] root: 尝试从东方财富获取股票数据...
2026-02-27 01:32:36 [WARNING] root: 东方财富数据获取失败：HTTPSConnectionPool(host='push2.eastmoney.com', port=443): Max retries exceeded with url: /api/qt/clist/get?pn=1&pz=50&po=1&np=1&ut=bd1d9ddb04089700cf9c27f6f7426281&fltt=2&invt=2&fid=f12&fs=m%3A0+t%3A6%2Cm%3A0+t%3A80%2Cm%3A1+t%3A2%2Cm%3A1+t%3A23%2Cm%3A0+t%3A81+s%3A2048&fields=f2%2Cf3%2Cf4%2Cf5%2Cf6%2Cf7%2Cf8%2Cf9%2Cf10%2Cf11%2Cf12%2Cf14%2Cf15%2Cf16%2Cf17%2Cf18%2Cf20%2Cf21%2Cf22%2Cf23%2Cf24%2Cf25%2Cf26%2Cf37%2Cf38%2Cf39%2Cf40%2Cf41%2Cf45%2Cf46%2Cf48%2Cf49%2Cf57%2Cf61%2Cf100%2Cf112%2Cf113%2Cf114%2Cf115%2Cf221&_=1623833739532 (Caused by ProxyError('Cannot connect to proxy.', OSError('Tunnel connection failed: 503 Service Unavailable')))，切换下一个数据源
2026-02-27 01:32:36 [INFO] root: 尝试从腾讯财经获取股票数据...
2026-02-27 01:32:45 [INFO] root: 成功从腾讯财经获取 5516 条股票数据
2026-02-27 01:32:45 [INFO] root: 流式分析：共 4910 只股票待处理
2026-02-27 01:34:51 [INFO] root: 流式分析进度：200/4910（跳过 5，错误 0）
2026-02-27 01:35:14 [INFO] root: 流式分析进度：400/4910（跳过 18，错误 0）
2026-02-27 01:35:31 [INFO] root: 流式分析进度：600/4910（跳过 30，错误 0）
2026-02-27 01:36:08 [INFO] root: 流式分析进度：800/4910（跳过 46，错误 0）
2026-02-27 01:36:46 [INFO] root: 流式分析进度：1000/4910（跳过 48，错误 0）
2026-02-27 01:37:26 [INFO] root: 流式分析进度：1200/4910（跳过 48，错误 0）
2026-02-27 01:38:01 [INFO] root: 流式分析进度：1400/4910（跳过 53，错误 0）
2026-02-27 01:38:36 [INFO] root: 流式分析进度：1600/4910（跳过 59，错误 0）
2026-02-27 01:39:18 [INFO] root: 流式分析进度：1800/4910（跳过 59，错误 0）
2026-02-27 01:40:00 [INFO] root: 流式分析进度：2000/4910（跳过 60，错误 0）
2026-02-27 01:40:35 [INFO] root: 流式分析进度：2200/4910（跳过 61，错误 0）
2026-02-27 01:41:08 [INFO] root: 流式分析进度：2400/4910（跳过 66，错误 0）
2026-02-27 01:41:46 [INFO] root: 流式分析进度：2600/4910（跳过 69，错误 0）
2026-02-27 01:42:23 [INFO] root: 流式分析进度：2800/4910（跳过 76，错误 0）
2026-02-27 01:42:52 [INFO] root: 代理池：重新验证完成，移除 22 个失效代理，剩余 53 个
2026-02-27 01:43:03 [INFO] root: 流式分析进度：3000/4910（跳过 79，错误 0）
2026-02-27 01:43:39 [INFO] root: 流式分析进度：3200/4910（跳过 80，错误 0）
2026-02-27 01:44:14 [INFO] root: 流式分析进度：3400/4910（跳过 89，错误 0）
2026-02-27 01:44:59 [INFO] root: 流式分析进度：3600/4910（跳过 91，错误 0）
2026-02-27 01:45:28 [INFO] root: 流式分析进度：3800/4910（跳过 96，错误 0）
2026-02-27 01:46:05 [INFO] root: 流式分析进度：4000/4910（跳过 98，错误 0）
2026-02-27 01:46:43 [INFO] root: 流式分析进度：4200/4910（跳过 99，错误 0）
2026-02-27 01:47:21 [INFO] root: 流式分析进度：4400/4910（跳过 100，错误 0）
2026-02-27 01:47:55 [INFO] root: 流式分析进度：4600/4910（跳过 100，错误 0）
2026-02-27 01:48:25 [INFO] root: 流式分析进度：4800/4910（跳过 100，错误 0）
2026-02-27 01:48:34 [INFO] root: ===== Phase 4: 流式分析完成 =====
  总数: 4910，处理: 4809，跳过: 101，错误: 0
  耗时: 968.0秒
2026-02-27 01:51:00 [INFO] root: 回测汇总完成：28 条记录，覆盖 14 个策略
2026-02-27 01:51:00 [INFO] root: ====== 数据分析任务完成，耗时 1256.3 秒 ======
